S0     exchangeability_fails  root=None 
S1     valid                  root=0.2244682054491422 D=4.52e-08 tau=+1.0000
S2     valid                  root=0.2244682054491422 D=4.53e-08 tau=+1.0000
S3     valid                  root=0.2244682054491422 D=4.53e-08 tau=+1.0000
S4     completeness_fails     root=-0.6501708893114988 D=2.33e-08 tau=-0.4432
S01    exchangeability_fails  root=None 
S02    exchangeability_fails  root=None 
S03    exchangeability_fails  root=None 
S04    exchangeability_fails  root=None 
S12    valid                  root=0.30036237593463766 D=9.59e-08 tau=+1.0000
S13    valid                  root=0.30036237593463766 D=9.56e-08 tau=+1.0000
S14    completeness_fails     root=None 
S23    valid                  root=0.30036237593463766 D=9.55e-08 tau=+1.0000
S24    completeness_fails     root=None 
S34    completeness_fails     root=None 
S012   exchangeability_fails  root=None 
S013   exchangeability_fails  root=None 
S014   exchangeability_fails  root=None 
S023   exchangeability_fails  root=None 
S024   exchangeability_fails  root=None 
S034   exchangeability_fails  root=None 
S123   valid                  root=0.45398448916085166 D=1.11e-07 tau=+1.0000
S124   completeness_fails     root=None 
S134   completeness_fails     root=None 
S234   completeness_fails     root=None 
S0123  exchangeability_fails  root=None 
S0124  exchangeability_fails  root=None 
S0134  exchangeability_fails  root=None 
S0234  exchangeability_fails  root=None 
S1234  completeness_fails     root=None 
written to ../results/population_certificate_curve_v1.json
