RHC-planted: 10 replicates with 3 workers, tau = -1.0
  replicate 3: FAILED
Traceback (most recent call last):
  File "/Users/yonghanjung/paios/research/papers/single_proxy_balancing/code/run_rhc_planted.py", line 99, in run
    print(f"  replicate {r}: {res['seconds']} s | PROBE {res['probe_pooled']:+.4f} "
                                                        ^^^^^^^^^^^^^^^^^^^^^^^^^^
TypeError: unsupported format string passed to NoneType.__format__

  replicate 2: FAILED
Traceback (most recent call last):
  File "/Users/yonghanjung/paios/research/papers/single_proxy_balancing/code/run_rhc_planted.py", line 99, in run
    print(f"  replicate {r}: {res['seconds']} s | PROBE {res['probe_pooled']:+.4f} "
                                                        ^^^^^^^^^^^^^^^^^^^^^^^^^^
TypeError: unsupported format string passed to NoneType.__format__

  replicate 1: 131.6 s | PROBE -1.0792 (1 retained) | naive -3.474 X -1.389 raw -0.996 oracle -0.702 CEVAE -0.759
  replicate 4: FAILED
Traceback (most recent call last):
  File "/Users/yonghanjung/paios/research/papers/single_proxy_balancing/code/run_rhc_planted.py", line 99, in run
    print(f"  replicate {r}: {res['seconds']} s | PROBE {res['probe_pooled']:+.4f} "
                                                        ^^^^^^^^^^^^^^^^^^^^^^^^^^
TypeError: unsupported format string passed to NoneType.__format__

  replicate 6: FAILED
Traceback (most recent call last):
  File "/Users/yonghanjung/paios/research/papers/single_proxy_balancing/code/run_rhc_planted.py", line 99, in run
    print(f"  replicate {r}: {res['seconds']} s | PROBE {res['probe_pooled']:+.4f} "
                                                        ^^^^^^^^^^^^^^^^^^^^^^^^^^
TypeError: unsupported format string passed to NoneType.__format__

  replicate 5: FAILED
Traceback (most recent call last):
  File "/Users/yonghanjung/paios/research/papers/single_proxy_balancing/code/run_rhc_planted.py", line 99, in run
    print(f"  replicate {r}: {res['seconds']} s | PROBE {res['probe_pooled']:+.4f} "
                                                        ^^^^^^^^^^^^^^^^^^^^^^^^^^
TypeError: unsupported format string passed to NoneType.__format__

  replicate 7: FAILED
Traceback (most recent call last):
  File "/Users/yonghanjung/paios/research/papers/single_proxy_balancing/code/run_rhc_planted.py", line 99, in run
    print(f"  replicate {r}: {res['seconds']} s | PROBE {res['probe_pooled']:+.4f} "
                                                        ^^^^^^^^^^^^^^^^^^^^^^^^^^
TypeError: unsupported format string passed to NoneType.__format__

  replicate 8: FAILED
Traceback (most recent call last):
  File "/Users/yonghanjung/paios/research/papers/single_proxy_balancing/code/run_rhc_planted.py", line 99, in run
    print(f"  replicate {r}: {res['seconds']} s | PROBE {res['probe_pooled']:+.4f} "
                                                        ^^^^^^^^^^^^^^^^^^^^^^^^^^
TypeError: unsupported format string passed to NoneType.__format__

  replicate 9: FAILED
Traceback (most recent call last):
  File "/Users/yonghanjung/paios/research/papers/single_proxy_balancing/code/run_rhc_planted.py", line 99, in run
    print(f"  replicate {r}: {res['seconds']} s | PROBE {res['probe_pooled']:+.4f} "
                                                        ^^^^^^^^^^^^^^^^^^^^^^^^^^
TypeError: unsupported format string passed to NoneType.__format__

  replicate 10: FAILED
Traceback (most recent call last):
  File "/Users/yonghanjung/paios/research/papers/single_proxy_balancing/code/run_rhc_planted.py", line 99, in run
    print(f"  replicate {r}: {res['seconds']} s | PROBE {res['probe_pooled']:+.4f} "
                                                        ^^^^^^^^^^^^^^^^^^^^^^^^^^
TypeError: unsupported format string passed to NoneType.__format__

