06:44 v4 shards on DeltaAI: 0/15
06:59 job 3155281 started running
07:14 v4 shards on DeltaAI: 1/15
07:30 v4 shards on DeltaAI: 2/15
07:40 v4 shards on DeltaAI: 3/15
07:50 v4 shards on DeltaAI: 4/15

NCSA DeltaAI System

Login with NCSA Kerberos + NCSA Duo multi-factor.

DUO Documentation:  https://go.ncsa.illinois.edu/2fa

yjung6@dtai-login.delta.ncsa.illinois.edu: Permission denied (gssapi-with-mic,password).

NCSA DeltaAI System

Login with NCSA Kerberos + NCSA Duo multi-factor.

DUO Documentation:  https://go.ncsa.illinois.edu/2fa

yjung6@dtai-login.delta.ncsa.illinois.edu: Permission denied (gssapi-with-mic,password).

NCSA DeltaAI System

Login with NCSA Kerberos + NCSA Duo multi-factor.

DUO Documentation:  https://go.ncsa.illinois.edu/2fa

yjung6@dtai-login.delta.ncsa.illinois.edu: Permission denied (gssapi-with-mic,password).
09:34 SSH socket unavailable three times; stopped watching job 3155281 (the job itself keeps running)

[exited with code 0]
