job 3153894 left the queue; confirmation shards on DeltaAI: 20
  seed 95217000: unique_largest est=0.8704303114241589 retained=1 purity=1.0 corr=0.9465024675061823 gpu=1.334040576 (692s {'render': 5, 'encoder': 16, 'trunk':
  seed 95218000: no_return est=None retained=0 purity=None corr=0.9464924524532601 gpu=1.334614016 (702s {'render': 6, 'encoder': 16, 'trunk': 25, 'encode': 23,
  seed 95219000: unique_largest est=1.0588284681999915 retained=1 purity=1.0 corr=0.9491251059417483 gpu=1.334963712 (694s {'render': 5, 'encoder': 16, 'trunk':
== done: main job ==
--- err ---
 COMPLETED   04:24:43      0:0 
confirmation | n=12000 | 20 cells | verdict FAIL
  return 0.800  MAE 0.0483  median 0.0301  p90 0.0941
  comparator                 mean   median
  oracle                   0.0046   0.0033
  statistics_channels      0.3583   0.3738
  cnn_channels             0.3995   0.3965
  raw_cnn                  0.8908   0.8966
  pca_channels             0.8911   0.8963
  X                        0.9629   0.9659
  naive                    1.1864   1.1915
  paired upper bounds: {'X': -0.8793, 'raw': -0.7091, 'best_no_balance': -0.2422, 'oracle': 0.066}  (best no-balance = statistics_channels)
  screen TPR 0.694 FPR 0.014  via lifted base 0.53  nesting violations 0
  unique largest 0.800  purity mean 0.944 min 0.000
  learned target error median 0.0614 p90 0.1667 over 140 values
  secondary: root recovery 0.597  median root err 0.0796  corr 0.950  693s/seed
  gates: {'return_rate': False, 'mae': True, 'p90': True, 'oracle_excess': False, 'beats_X': True, 'beats_raw': True, 'beats_best_no_balance': True, 'screen_tpr': False, 'screen_fpr': True, 'unique_largest': False, 'component_purity': True, 'learned_target_median': True, 'learned_target_p90': False}
  sealed score artifact written to ../results/scm7_v3/scores_confirmation_v1.json
fig1
Traceback (most recent call last):
  File "/Users/yonghanjung/paios/research/papers/single_proxy_balancing/code/make_section5_figures.py", line 307, in <module>
    raise SystemExit(main())
                     ~~~~^^
  File "/Users/yonghanjung/paios/research/papers/single_proxy_balancing/code/make_section5_figures.py", line 302, in main
    fn()
    ~~^^
  File "/Users/yonghanjung/paios/research/papers/single_proxy_balancing/code/make_section5_figures.py", line 147, in fig1_estimates
    dots(ax, [q["estimate"] for q in cells], ypos[rows[4]], BLUE)
    ~~~~^^^^^^^^^^^^^^^^^^^^^^^^^^^^^^^^^^^^^^^^^^^^^^^^^^^^^^^^^
  File "/Users/yonghanjung/paios/research/papers/single_proxy_balancing/code/make_section5_figures.py", line 97, in dots
    ax.plot([np.mean(x)] * 2, [y - 0.32, y + 0.32], color=INK, lw=1.4, zorder=4, solid_capstyle="butt")
             ~~~~~~~^^^
  File "/Users/yonghanjung/Library/Python/3.14/lib/python/site-packages/numpy/_core/fromnumeric.py", line 3824, in mean
    return _methods._mean(a, axis=axis, dtype=dtype,
           ~~~~~~~~~~~~~~^^^^^^^^^^^^^^^^^^^^^^^^^^^
                          out=out, **kwargs)
                          ^^^^^^^^^^^^^^^^^^
  File "/Users/yonghanjung/Library/Python/3.14/lib/python/site-packages/numpy/_core/_methods.py", line 132, in _mean
    ret = umr_sum(arr, axis, dtype, out, keepdims, where=where)
TypeError: unsupported operand type(s) for +: 'float' and 'NoneType'

[exited with code 0]
