88 tasks, 1 workers
  {'exp': 'E1', 'name': 'SCM-1', 'replicate': 1, 'seed': 97201000, 'tau': 1.0, 'sealed': '/Users/yonghanjung/paios/research/papers/single_proxy_balancing/results/family_v2/confirm/SCM-1_seed97201000.json', 'status': 'written', 'seconds': 17.4, 'ate': {'W1': 0.1269, 'W4': -0.8485}}
  {'exp': 'E1', 'name': 'SCM-1', 'replicate': 2, 'seed': 97202000, 'tau': 1.0, 'sealed': '/Users/yonghanjung/paios/research/papers/single_proxy_balancing/results/family_v2/confirm/SCM-1_seed97202000.json', 'status': 'written', 'seconds': 26.3, 'ate': {'W1': 0.0879, 'W4': -0.8148}}
  {'exp': 'E1', 'name': 'SCM-1', 'replicate': 3, 'seed': 97203000, 'tau': 1.0, 'sealed': '/Users/yonghanjung/paios/research/papers/single_proxy_balancing/results/family_v2/confirm/SCM-1_seed97203000.json', 'status': 'written', 'seconds': 28.1, 'ate': {'W1': 0.1486, 'W4': -0.8084}}
  {'exp': 'E1', 'name': 'SCM-1', 'replicate': 4, 'seed': 97204000, 'tau': 1.0, 'sealed': '/Users/yonghanjung/paios/research/papers/single_proxy_balancing/results/family_v2/confirm/SCM-1_seed97204000.json', 'status': 'written', 'seconds': 36.1, 'ate': {'W1': 0.139, 'W4': -0.9005}}
  {'exp': 'E1', 'name': 'SCM-1', 'replicate': 5, 'seed': 97205000, 'tau': 1.0, 'sealed': '/Users/yonghanjung/paios/research/papers/single_proxy_balancing/results/family_v2/confirm/SCM-1_seed97205000.json', 'status': 'written', 'seconds': 31.8, 'ate': {'W1': 0.1085, 'W4': -0.8941}}
  {'exp': 'E1', 'name': 'SCM-1', 'replicate': 6, 'seed': 97206000, 'tau': 1.0, 'sealed': '/Users/yonghanjung/paios/research/papers/single_proxy_balancing/results/family_v2/confirm/SCM-1_seed97206000.json', 'status': 'written', 'seconds': 41.6, 'ate': {'W1': 0.0667, 'W4': -0.956}}
  {'exp': 'E1', 'name': 'SCM-1', 'replicate': 7, 'seed': 97207000, 'tau': 1.0, 'sealed': '/Users/yonghanjung/paios/research/papers/single_proxy_balancing/results/family_v2/confirm/SCM-1_seed97207000.json', 'status': 'written', 'seconds': 30.7, 'ate': {'W1': 0.146, 'W4': -0.9039}}
  {'exp': 'E1', 'name': 'SCM-1', 'replicate': 8, 'seed': 97208000, 'tau': 1.0, 'sealed': '/Users/yonghanjung/paios/research/papers/single_proxy_balancing/results/family_v2/confirm/SCM-1_seed97208000.json', 'status': 'written', 'seconds': 37.5, 'ate': {'W1': 0.1023, 'W4': -0.8655}}
  {'exp': 'E1', 'name': 'SCM-1', 'replicate': 9, 'seed': 97209000, 'tau': 1.0, 'sealed': '/Users/yonghanjung/paios/research/papers/single_proxy_balancing/results/family_v2/confirm/SCM-1_seed97209000.json', 'status': 'written', 'seconds': 29.8, 'ate': {'W1': 0.1602, 'W4': -0.9042}}
  {'exp': 'E1', 'name': 'SCM-1', 'replicate': 10, 'seed': 97210000, 'tau': 1.0, 'sealed': '/Users/yonghanjung/paios/research/papers/single_proxy_balancing/results/family_v2/confirm/SCM-1_seed97210000.json', 'status': 'written', 'seconds': 37.9, 'ate': {'W1': 0.1159, 'W4': -0.8876}}
  {'exp': 'E1', 'name': 'SCM-1', 'replicate': 11, 'seed': 97211000, 'tau': 1.0, 'sealed': '/Users/yonghanjung/paios/research/papers/single_proxy_balancing/results/family_v2/confirm/SCM-1_seed97211000.json', 'status': 'written', 'seconds': 33.0, 'ate': {'W1': 0.1444, 'W4': -0.9167}}
  {'exp': 'E1', 'name': 'SCM-1', 'replicate': 12, 'seed': 97212000, 'tau': 1.0, 'sealed': '/Users/yonghanjung/paios/research/papers/single_proxy_balancing/results/family_v2/confirm/SCM-1_seed97212000.json', 'status': 'written', 'seconds': 46.2, 'ate': {'W1': 0.14, 'W4': -0.8675}}
  {'exp': 'E1', 'name': 'SCM-1', 'replicate': 13, 'seed': 97213000, 'tau': 1.0, 'sealed': '/Users/yonghanjung/paios/research/papers/single_proxy_balancing/results/family_v2/confirm/SCM-1_seed97213000.json', 'status': 'written', 'seconds': 34.1, 'ate': {'W1': 0.1015, 'W4': -0.8485}}
  {'exp': 'E1', 'name': 'SCM-1', 'replicate': 14, 'seed': 97214000, 'tau': 1.0, 'sealed': '/Users/yonghanjung/paios/research/papers/single_proxy_balancing/results/family_v2/confirm/SCM-1_seed97214000.json', 'status': 'written', 'seconds': 35.5, 'ate': {'W1': 0.1332, 'W4': -0.8554}}
  {'exp': 'E1', 'name': 'SCM-1', 'replicate': 15, 'seed': 97215000, 'tau': 1.0, 'sealed': '/Users/yonghanjung/paios/research/papers/single_proxy_balancing/results/family_v2/confirm/SCM-1_seed97215000.json', 'status': 'written', 'seconds': 41.0, 'ate': {'W1': 0.1153, 'W4': -0.8798}}
  {'exp': 'E1', 'name': 'SCM-1', 'replicate': 16, 'seed': 97216000, 'tau': 1.0, 'sealed': '/Users/yonghanjung/paios/research/papers/single_proxy_balancing/results/family_v2/confirm/SCM-1_seed97216000.json', 'status': 'written', 'seconds': 30.5, 'ate': {'W1': 0.1598, 'W4': -0.8798}}
  {'exp': 'E1', 'name': 'SCM-1', 'replicate': 17, 'seed': 97217000, 'tau': 1.0, 'sealed': '/Users/yonghanjung/paios/research/papers/single_proxy_balancing/results/family_v2/confirm/SCM-1_seed97217000.json', 'status': 'written', 'seconds': 32.1, 'ate': {'W1': 0.1205, 'W4': -0.8438}}
  {'exp': 'E1', 'name': 'SCM-1', 'replicate': 18, 'seed': 97218000, 'tau': 1.0, 'sealed': '/Users/yonghanjung/paios/research/papers/single_proxy_balancing/results/family_v2/confirm/SCM-1_seed97218000.json', 'status': 'written', 'seconds': 35.0, 'ate': {'W1': 0.1139, 'W4': -0.9336}}
  {'exp': 'E1', 'name': 'SCM-1', 'replicate': 19, 'seed': 97219000, 'tau': 1.0, 'sealed': '/Users/yonghanjung/paios/research/papers/single_proxy_balancing/results/family_v2/confirm/SCM-1_seed97219000.json', 'status': 'written', 'seconds': 38.5, 'ate': {'W1': 0.1409, 'W4': -0.9376}}
  {'exp': 'E1', 'name': 'SCM-2', 'replicate': 0, 'seed': 97210000, 'tau': 1.0, 'sealed': '/Users/yonghanjung/paios/research/papers/single_proxy_balancing/results/family_v2/confirm/SCM-2_seed97210000.json', 'status': 'written', 'seconds': 34.8, 'ate': {'W1': 0.1531, 'W4': -0.6389}}
  {'exp': 'E1', 'name': 'SCM-2', 'replicate': 1, 'seed': 97211000, 'tau': 1.0, 'sealed': '/Users/yonghanjung/paios/research/papers/single_proxy_balancing/results/family_v2/confirm/SCM-2_seed97211000.json', 'status': 'written', 'seconds': 26.2, 'ate': {'W1': 0.1946, 'W4': -0.694}}
  {'exp': 'E1', 'name': 'SCM-2', 'replicate': 2, 'seed': 97212000, 'tau': 1.0, 'sealed': '/Users/yonghanjung/paios/research/papers/single_proxy_balancing/results/family_v2/confirm/SCM-2_seed97212000.json', 'status': 'written', 'seconds': 34.2, 'ate': {'W1': 0.14, 'W4': -0.6346}}
  {'exp': 'E1', 'name': 'SCM-2', 'replicate': 3, 'seed': 97213000, 'tau': 1.0, 'sealed': '/Users/yonghanjung/paios/research/papers/single_proxy_balancing/results/family_v2/confirm/SCM-2_seed97213000.json', 'status': 'written', 'seconds': 36.9, 'ate': {'W1': 0.1986, 'W4': -0.6243}}
  {'exp': 'E1', 'name': 'SCM-2', 'replicate': 4, 'seed': 97214000, 'tau': 1.0, 'sealed': '/Users/yonghanjung/paios/research/papers/single_proxy_balancing/results/family_v2/confirm/SCM-2_seed97214000.json', 'status': 'written', 'seconds': 33.3, 'ate': {'W1': 0.1764, 'W4': -0.6647}}
  {'exp': 'E1', 'name': 'SCM-2', 'replicate': 5, 'seed': 97215000, 'tau': 1.0, 'sealed': '/Users/yonghanjung/paios/research/papers/single_proxy_balancing/results/family_v2/confirm/SCM-2_seed97215000.json', 'status': 'written', 'seconds': 36.6, 'ate': {'W1': 0.0884, 'W4': -0.6707}}
  {'exp': 'E1', 'name': 'SCM-2', 'replicate': 6, 'seed': 97216000, 'tau': 1.0, 'sealed': '/Users/yonghanjung/paios/research/papers/single_proxy_balancing/results/family_v2/confirm/SCM-2_seed97216000.json', 'status': 'written', 'seconds': 33.7, 'ate': {'W1': 0.2355, 'W4': -0.6133}}
  {'exp': 'E1', 'name': 'SCM-2', 'replicate': 7, 'seed': 97217000, 'tau': 1.0, 'sealed': '/Users/yonghanjung/paios/research/papers/single_proxy_balancing/results/family_v2/confirm/SCM-2_seed97217000.json', 'status': 'written', 'seconds': 32.4, 'ate': {'W1': 0.0843, 'W4': -0.6236}}
  {'exp': 'E1', 'name': 'SCM-2', 'replicate': 8, 'seed': 97218000, 'tau': 1.0, 'sealed': '/Users/yonghanjung/paios/research/papers/single_proxy_balancing/results/family_v2/confirm/SCM-2_seed97218000.json', 'status': 'written', 'seconds': 31.2, 'ate': {'W1': 0.0681, 'W4': -0.7309}}
  {'exp': 'E1', 'name': 'SCM-2', 'replicate': 9, 'seed': 97219000, 'tau': 1.0, 'sealed': '/Users/yonghanjung/paios/research/papers/single_proxy_balancing/results/family_v2/confirm/SCM-2_seed97219000.json', 'status': 'written', 'seconds': 38.0, 'ate': {'W1': 0.0875, 'W4': -0.7346}}
  {'exp': 'E1', 'name': 'SCM-2', 'replicate': 10, 'seed': 97220000, 'tau': 1.0, 'sealed': '/Users/yonghanjung/paios/research/papers/single_proxy_balancing/results/family_v2/confirm/SCM-2_seed97220000.json', 'status': 'written', 'seconds': 39.3, 'ate': {'W1': 0.055, 'W4': -0.6818}}
  {'exp': 'E1', 'name': 'SCM-2', 'replicate': 11, 'seed': 97221000, 'tau': 1.0, 'sealed': '/Users/yonghanjung/paios/research/papers/single_proxy_balancing/results/family_v2/confirm/SCM-2_seed97221000.json', 'status': 'written', 'seconds': 36.3, 'ate': {'W1': 0.0554, 'W4': -0.7155}}
  {'exp': 'E1', 'name': 'SCM-2', 'replicate': 12, 'seed': 97222000, 'tau': 1.0, 'sealed': '/Users/yonghanjung/paios/research/papers/single_proxy_balancing/results/family_v2/confirm/SCM-2_seed97222000.json', 'status': 'written', 'seconds': 33.1, 'ate': {'W1': 0.1731, 'W4': -0.673}}
  {'exp': 'E1', 'name': 'SCM-2', 'replicate': 13, 'seed': 97223000, 'tau': 1.0, 'sealed': '/Users/yonghanjung/paios/research/papers/single_proxy_balancing/results/family_v2/confirm/SCM-2_seed97223000.json', 'status': 'written', 'seconds': 21.1, 'ate': {'W1': 0.2304, 'W4': -0.6098}}
  {'exp': 'E1', 'name': 'SCM-2', 'replicate': 14, 'seed': 97224000, 'tau': 1.0, 'sealed': '/Users/yonghanjung/paios/research/papers/single_proxy_balancing/results/family_v2/confirm/SCM-2_seed97224000.json', 'status': 'written', 'seconds': 18.6, 'ate': {'W1': 0.129, 'W4': -0.6387}}
  {'exp': 'E1', 'name': 'SCM-2', 'replicate': 15, 'seed': 97225000, 'tau': 1.0, 'sealed': '/Users/yonghanjung/paios/research/papers/single_proxy_balancing/results/family_v2/confirm/SCM-2_seed97225000.json', 'status': 'written', 'seconds': 18.6, 'ate': {'W1': 0.2387, 'W4': -0.6065}}
  {'exp': 'E1', 'name': 'SCM-2', 'replicate': 16, 'seed': 97226000, 'tau': 1.0, 'sealed': '/Users/yonghanjung/paios/research/papers/single_proxy_balancing/results/family_v2/confirm/SCM-2_seed97226000.json', 'status': 'written', 'seconds': 18.3, 'ate': {'W1': 0.182, 'W4': -0.6326}}
  {'exp': 'E1', 'name': 'SCM-2', 'replicate': 17, 'seed': 97227000, 'tau': 1.0, 'sealed': '/Users/yonghanjung/paios/research/papers/single_proxy_balancing/results/family_v2/confirm/SCM-2_seed97227000.json', 'status': 'written', 'seconds': 18.4, 'ate': {'W1': 0.157, 'W4': -0.6333}}
  {'exp': 'E1', 'name': 'SCM-2', 'replicate': 18, 'seed': 97228000, 'tau': 1.0, 'sealed': '/Users/yonghanjung/paios/research/papers/single_proxy_balancing/results/family_v2/confirm/SCM-2_seed97228000.json', 'status': 'written', 'seconds': 18.4, 'ate': {'W1': 0.1365, 'W4': -0.6418}}
  {'exp': 'E1', 'name': 'SCM-2', 'replicate': 19, 'seed': 97229000, 'tau': 1.0, 'sealed': '/Users/yonghanjung/paios/research/papers/single_proxy_balancing/results/family_v2/confirm/SCM-2_seed97229000.json', 'status': 'written', 'seconds': 18.5, 'ate': {'W1': 0.1398, 'W4': -0.6623}}
  {'exp': 'E1', 'name': 'SCM-3', 'replicate': 0, 'seed': 97220000, 'tau': 1.0, 'sealed': '/Users/yonghanjung/paios/research/papers/single_proxy_balancing/results/family_v2/confirm/SCM-3_seed97220000.json', 'status': 'written', 'seconds': 21.0, 'ate': {'W1': 0.1488, 'W4': -0.7753}}
  {'exp': 'E1', 'name': 'SCM-3', 'replicate': 1, 'seed': 97221000, 'tau': 1.0, 'sealed': '/Users/yonghanjung/paios/research/papers/single_proxy_balancing/results/family_v2/confirm/SCM-3_seed97221000.json', 'status': 'written', 'seconds': 21.1, 'ate': {'W1': 0.2063, 'W4': -0.7569}}
  {'exp': 'E1', 'name': 'SCM-3', 'replicate': 2, 'seed': 97222000, 'tau': 1.0, 'sealed': '/Users/yonghanjung/paios/research/papers/single_proxy_balancing/results/family_v2/confirm/SCM-3_seed97222000.json', 'status': 'written', 'seconds': 20.9, 'ate': {'W1': 0.1493, 'W4': -0.7628}}
  {'exp': 'E1', 'name': 'SCM-3', 'replicate': 3, 'seed': 97223000, 'tau': 1.0, 'sealed': '/Users/yonghanjung/paios/research/papers/single_proxy_balancing/results/family_v2/confirm/SCM-3_seed97223000.json', 'status': 'written', 'seconds': 20.9, 'ate': {'W1': 0.1567, 'W4': -0.8095}}
  {'exp': 'E1', 'name': 'SCM-3', 'replicate': 4, 'seed': 97224000, 'tau': 1.0, 'sealed': '/Users/yonghanjung/paios/research/papers/single_proxy_balancing/results/family_v2/confirm/SCM-3_seed97224000.json', 'status': 'written', 'seconds': 21.4, 'ate': {'W1': 0.1616, 'W4': -0.8319}}
  {'exp': 'E1', 'name': 'SCM-3', 'replicate': 5, 'seed': 97225000, 'tau': 1.0, 'sealed': '/Users/yonghanjung/paios/research/papers/single_proxy_balancing/results/family_v2/confirm/SCM-3_seed97225000.json', 'status': 'written', 'seconds': 21.1, 'ate': {'W1': 0.1809, 'W4': -0.731}}
  {'exp': 'E1', 'name': 'SCM-3', 'replicate': 6, 'seed': 97226000, 'tau': 1.0, 'sealed': '/Users/yonghanjung/paios/research/papers/single_proxy_balancing/results/family_v2/confirm/SCM-3_seed97226000.json', 'status': 'written', 'seconds': 22.0, 'ate': {'W1': 0.2021, 'W4': -0.7464}}
  {'exp': 'E1', 'name': 'SCM-3', 'replicate': 7, 'seed': 97227000, 'tau': 1.0, 'sealed': '/Users/yonghanjung/paios/research/papers/single_proxy_balancing/results/family_v2/confirm/SCM-3_seed97227000.json', 'status': 'written', 'seconds': 21.4, 'ate': {'W1': 0.2437, 'W4': -0.7159}}
  {'exp': 'E1', 'name': 'SCM-3', 'replicate': 8, 'seed': 97228000, 'tau': 1.0, 'sealed': '/Users/yonghanjung/paios/research/papers/single_proxy_balancing/results/family_v2/confirm/SCM-3_seed97228000.json', 'status': 'written', 'seconds': 21.1, 'ate': {'W1': 0.2198, 'W4': -0.7596}}
  {'exp': 'E1', 'name': 'SCM-3', 'replicate': 9, 'seed': 97229000, 'tau': 1.0, 'sealed': '/Users/yonghanjung/paios/research/papers/single_proxy_balancing/results/family_v2/confirm/SCM-3_seed97229000.json', 'status': 'written', 'seconds': 21.0, 'ate': {'W1': 0.1928, 'W4': -0.832}}
  {'exp': 'E1', 'name': 'SCM-3', 'replicate': 10, 'seed': 97230000, 'tau': 1.0, 'sealed': '/Users/yonghanjung/paios/research/papers/single_proxy_balancing/results/family_v2/confirm/SCM-3_seed97230000.json', 'status': 'written', 'seconds': 21.5, 'ate': {'W1': 0.1518, 'W4': -0.7599}}
  {'exp': 'E1', 'name': 'SCM-3', 'replicate': 11, 'seed': 97231000, 'tau': 1.0, 'sealed': '/Users/yonghanjung/paios/research/papers/single_proxy_balancing/results/family_v2/confirm/SCM-3_seed97231000.json', 'status': 'written', 'seconds': 23.4, 'ate': {'W1': 0.1254, 'W4': -1.2544}}
  {'exp': 'E1', 'name': 'SCM-3', 'replicate': 12, 'seed': 97232000, 'tau': 1.0, 'sealed': '/Users/yonghanjung/paios/research/papers/single_proxy_balancing/results/family_v2/confirm/SCM-3_seed97232000.json', 'status': 'written', 'seconds': 21.7, 'ate': {'W1': 0.1152, 'W4': -0.8955}}
  {'exp': 'E1', 'name': 'SCM-3', 'replicate': 13, 'seed': 97233000, 'tau': 1.0, 'sealed': '/Users/yonghanjung/paios/research/papers/single_proxy_balancing/results/family_v2/confirm/SCM-3_seed97233000.json', 'status': 'written', 'seconds': 21.8, 'ate': {'W1': 0.2935, 'W4': -0.6591}}
  {'exp': 'E1', 'name': 'SCM-3', 'replicate': 14, 'seed': 97234000, 'tau': 1.0, 'sealed': '/Users/yonghanjung/paios/research/papers/single_proxy_balancing/results/family_v2/confirm/SCM-3_seed97234000.json', 'status': 'written', 'seconds': 21.2, 'ate': {'W1': 0.246, 'W4': -0.662}}
  {'exp': 'E1', 'name': 'SCM-3', 'replicate': 15, 'seed': 97235000, 'tau': 1.0, 'sealed': '/Users/yonghanjung/paios/research/papers/single_proxy_balancing/results/family_v2/confirm/SCM-3_seed97235000.json', 'status': 'written', 'seconds': 24.8, 'ate': {'W1': 0.1529, 'W4': -0.8162}}
  {'exp': 'E1', 'name': 'SCM-3', 'replicate': 16, 'seed': 97236000, 'tau': 1.0, 'sealed': '/Users/yonghanjung/paios/research/papers/single_proxy_balancing/results/family_v2/confirm/SCM-3_seed97236000.json', 'status': 'written', 'seconds': 37.9, 'ate': {'W1': 0.2399, 'W4': -0.792}}
  {'exp': 'E1', 'name': 'SCM-3', 'replicate': 17, 'seed': 97237000, 'tau': 1.0, 'sealed': '/Users/yonghanjung/paios/research/papers/single_proxy_balancing/results/family_v2/confirm/SCM-3_seed97237000.json', 'status': 'written', 'seconds': 46.4, 'ate': {'W1': 0.2993, 'W4': -0.7279}}
  {'exp': 'E1', 'name': 'SCM-3', 'replicate': 18, 'seed': 97238000, 'tau': 1.0, 'sealed': '/Users/yonghanjung/paios/research/papers/single_proxy_balancing/results/family_v2/confirm/SCM-3_seed97238000.json', 'status': 'written', 'seconds': 37.0, 'ate': {'W1': 0.1207, 'W4': -0.8192}}
  {'exp': 'E1', 'name': 'SCM-3', 'replicate': 19, 'seed': 97239000, 'tau': 1.0, 'sealed': '/Users/yonghanjung/paios/research/papers/single_proxy_balancing/results/family_v2/confirm/SCM-3_seed97239000.json', 'status': 'written', 'seconds': 33.4, 'ate': {'W1': 0.137, 'W4': -0.8186}}
  {'exp': 'E3', 'name': 'rhc', 'replicate': 0, 'seed': None, 'tau': None, 'sealed': None, 'status': 'written', 'seconds': 47.7, 'ate': {'W1': -1.7791, 'W2': -2.0844, 'W3': -1.2391, 'W4': -0.9296, 'W5': -2.1774}}
  {'exp': 'E5', 'name': 'twins', 'replicate': 12, 'seed': None, 'tau': None, 'sealed': '/Users/yonghanjung/paios/research/papers/single_proxy_balancing/results/twins/replicate_12.json', 'status': 'written', 'seconds': 21.5, 'ate': {'W1': -0.04, 'W4': -0.116}}
  {'exp': 'E5', 'name': 'twins', 'replicate': 13, 'seed': None, 'tau': None, 'sealed': '/Users/yonghanjung/paios/research/papers/single_proxy_balancing/results/twins/replicate_13.json', 'status': 'written', 'seconds': 19.4, 'ate': {'W1': -0.0297, 'W4': -0.1165}}
  {'exp': 'E5', 'name': 'twins', 'replicate': 14, 'seed': None, 'tau': None, 'sealed': '/Users/yonghanjung/paios/research/papers/single_proxy_balancing/results/twins/replicate_14.json', 'status': 'written', 'seconds': 20.6, 'ate': {'W1': -0.0375, 'W4': -0.1128}}
  {'exp': 'E5', 'name': 'twins', 'replicate': 15, 'seed': None, 'tau': None, 'sealed': '/Users/yonghanjung/paios/research/papers/single_proxy_balancing/results/twins/replicate_15.json', 'status': 'written', 'seconds': 19.6, 'ate': {'W1': -0.0331, 'W4': -0.1108}}
  {'exp': 'E5', 'name': 'twins', 'replicate': 16, 'seed': None, 'tau': None, 'sealed': '/Users/yonghanjung/paios/research/papers/single_proxy_balancing/results/twins/replicate_16.json', 'status': 'written', 'seconds': 19.2, 'ate': {'W1': -0.0205, 'W4': -0.1028}}
  {'exp': 'E5', 'name': 'twins', 'replicate': 17, 'seed': None, 'tau': None, 'sealed': '/Users/yonghanjung/paios/research/papers/single_proxy_balancing/results/twins/replicate_17.json', 'status': 'written', 'seconds': 19.6, 'ate': {'W1': -0.0275, 'W4': -0.0858}}
  {'exp': 'E5', 'name': 'twins', 'replicate': 18, 'seed': None, 'tau': None, 'sealed': '/Users/yonghanjung/paios/research/papers/single_proxy_balancing/results/twins/replicate_18.json', 'status': 'written', 'seconds': 24.4, 'ate': {'W1': -0.0348, 'W4': -0.1046}}
  {'exp': 'E5', 'name': 'twins', 'replicate': 19, 'seed': None, 'tau': None, 'sealed': '/Users/yonghanjung/paios/research/papers/single_proxy_balancing/results/twins/replicate_19.json', 'status': 'written', 'seconds': 19.2, 'ate': {'W1': -0.0439, 'W4': -0.1137}}
  {'exp': 'E5', 'name': 'twins', 'replicate': 20, 'seed': None, 'tau': None, 'sealed': '/Users/yonghanjung/paios/research/papers/single_proxy_balancing/results/twins/replicate_20.json', 'status': 'written', 'seconds': 21.9, 'ate': {'W1': -0.0425, 'W4': -0.1113}}
  {'exp': 'E6', 'name': 'ihdp', 'replicate': 12, 'seed': None, 'tau': None, 'sealed': '/Users/yonghanjung/paios/research/papers/single_proxy_balancing/results/ihdp/replicate_12.json', 'status': 'written', 'seconds': 0.4, 'ate': {'W1': 12.5426, 'W4': 19.2487}}
  {'exp': 'E6', 'name': 'ihdp', 'replicate': 13, 'seed': None, 'tau': None, 'sealed': '/Users/yonghanjung/paios/research/papers/single_proxy_balancing/results/ihdp/replicate_13.json', 'status': 'written', 'seconds': 0.4, 'ate': {'W1': 3.5968, 'W4': 2.6784}}
  {'exp': 'E6', 'name': 'ihdp', 'replicate': 14, 'seed': None, 'tau': None, 'sealed': '/Users/yonghanjung/paios/research/papers/single_proxy_balancing/results/ihdp/replicate_14.json', 'status': 'written', 'seconds': 0.4, 'ate': {'W1': 3.542, 'W4': 3.9237}}
  {'exp': 'E6', 'name': 'ihdp', 'replicate': 15, 'seed': None, 'tau': None, 'sealed': '/Users/yonghanjung/paios/research/papers/single_proxy_balancing/results/ihdp/replicate_15.json', 'status': 'written', 'seconds': 0.5, 'ate': {'W1': 4.2645, 'W4': 4.3351}}
  {'exp': 'E6', 'name': 'ihdp', 'replicate': 16, 'seed': None, 'tau': None, 'sealed': '/Users/yonghanjung/paios/research/papers/single_proxy_balancing/results/ihdp/replicate_16.json', 'status': 'written', 'seconds': 0.5, 'ate': {'W1': 2.4437, 'W4': 4.1898}}
  {'exp': 'E6', 'name': 'ihdp', 'replicate': 17, 'seed': None, 'tau': None, 'sealed': '/Users/yonghanjung/paios/research/papers/single_proxy_balancing/results/ihdp/replicate_17.json', 'status': 'written', 'seconds': 0.5, 'ate': {'W1': 3.5003, 'W4': 2.3742}}
  {'exp': 'E6', 'name': 'ihdp', 'replicate': 18, 'seed': None, 'tau': None, 'sealed': '/Users/yonghanjung/paios/research/papers/single_proxy_balancing/results/ihdp/replicate_18.json', 'status': 'written', 'seconds': 0.5, 'ate': {'W1': 3.3054, 'W4': 4.6257}}
  {'exp': 'E6', 'name': 'ihdp', 'replicate': 19, 'seed': None, 'tau': None, 'sealed': '/Users/yonghanjung/paios/research/papers/single_proxy_balancing/results/ihdp/replicate_19.json', 'status': 'written', 'seconds': 0.4, 'ate': {'W1': 3.7453, 'W4': 4.3276}}
  {'exp': 'E6', 'name': 'ihdp', 'replicate': 20, 'seed': None, 'tau': None, 'sealed': '/Users/yonghanjung/paios/research/papers/single_proxy_balancing/results/ihdp/replicate_20.json', 'status': 'written', 'seconds': 0.5, 'ate': {'W1': 1.486, 'W4': 4.8061}}
  {'exp': 'E6', 'name': 'ihdp', 'replicate': 21, 'seed': None, 'tau': None, 'sealed': '/Users/yonghanjung/paios/research/papers/single_proxy_balancing/results/ihdp/replicate_21.json', 'status': 'written', 'seconds': 0.5, 'ate': {'W1': 3.0655, 'W4': 4.2173}}
  {'exp': 'E7', 'name': 'acic', 'replicate': 2, 'seed': None, 'tau': None, 'sealed': '/Users/yonghanjung/paios/research/papers/single_proxy_balancing/results/acic/replicate_2.json', 'status': 'written', 'seconds': 19.8, 'ate': {'W1': 3.9177, 'W4': 2.6425}}
  {'exp': 'E7', 'name': 'acic', 'replicate': 3, 'seed': None, 'tau': None, 'sealed': '/Users/yonghanjung/paios/research/papers/single_proxy_balancing/results/acic/replicate_3.json', 'status': 'written', 'seconds': 20.5, 'ate': {'W1': 4.0124, 'W4': 4.8589}}
  {'exp': 'E7', 'name': 'acic', 'replicate': 4, 'seed': None, 'tau': None, 'sealed': '/Users/yonghanjung/paios/research/papers/single_proxy_balancing/results/acic/replicate_4.json', 'status': 'written', 'seconds': 27.8, 'ate': {'W1': 4.093, 'W4': 4.7236}}
  {'exp': 'E7', 'name': 'acic', 'replicate': 5, 'seed': None, 'tau': None, 'sealed': '/Users/yonghanjung/paios/research/papers/single_proxy_balancing/results/acic/replicate_5.json', 'status': 'written', 'seconds': 30.7, 'ate': {'W1': 2.2485, 'W4': 0.4803}}
  {'exp': 'E7', 'name': 'acic', 'replicate': 6, 'seed': None, 'tau': None, 'sealed': '/Users/yonghanjung/paios/research/papers/single_proxy_balancing/results/acic/replicate_6.json', 'status': 'written', 'seconds': 29.5, 'ate': {'W1': 2.3969, 'W4': 1.8511}}
  {'exp': 'E7', 'name': 'acic', 'replicate': 7, 'seed': None, 'tau': None, 'sealed': '/Users/yonghanjung/paios/research/papers/single_proxy_balancing/results/acic/replicate_7.json', 'status': 'written', 'seconds': 25.8, 'ate': {'W1': 3.5221, 'W4': 2.7228}}
  {'exp': 'E7', 'name': 'acic', 'replicate': 8, 'seed': None, 'tau': None, 'sealed': '/Users/yonghanjung/paios/research/papers/single_proxy_balancing/results/acic/replicate_8.json', 'status': 'written', 'seconds': 31.6, 'ate': {'W1': 1.262, 'W4': 1.4553}}
  {'exp': 'E7', 'name': 'acic', 'replicate': 9, 'seed': None, 'tau': None, 'sealed': '/Users/yonghanjung/paios/research/papers/single_proxy_balancing/results/acic/replicate_9.json', 'status': 'written', 'seconds': 29.2, 'ate': {'W1': 3.3088, 'W4': 2.8764}}
  {'exp': 'E7', 'name': 'acic', 'replicate': 10, 'seed': None, 'tau': None, 'sealed': '/Users/yonghanjung/paios/research/papers/single_proxy_balancing/results/acic/replicate_10.json', 'status': 'written', 'seconds': 23.1, 'ate': {'W1': 4.2978, 'W4': 4.2588}}
done; failed none
