device NVIDIA GH200 120GB | torch 2.14.0+cu130
== 1. qualification: function and runtime only, two development seeds ==
SCM-7-v3 | qualification | n=12000 | 2 seeds | device cuda | protocol 2ae2898a60ee
  seed 95000000: unique_largest est=1.0330081241280122 retained=4 purity=1.0 corr=0.9437540821889068 gpu=1.334849024 (846s {'render': 4, 'encoder': 151, 'trunk': 26, 'encode': 22, 'selection': 146, 'screen': 162, 'raw_cnn': 91, 'comparators': 108, 'learned_target': 131})
  seed 95001000: unique_largest est=1.0566156089687389 retained=3 purity=1.0 corr=0.9524290605119338 gpu=1.336305664 (698s {'render': 5, 'encoder': 18, 'trunk': 27, 'encode': 21, 'selection': 148, 'screen': 157, 'raw_cnn': 85, 'comparators': 107, 'learned_target': 125})
seed 95000000: 846s, peak GPU 1.334849024, timing { render: 4, encoder: 151, trunk: 26, encode: 22, selection: 146, screen: 162, raw_cnn: 91, comparators: 108, learned_target: 131 }
seed 95001000: 698s, peak GPU 1.336305664, timing { render: 5, encoder: 18, trunk: 27, encode: 21, selection: 148, screen: 157, raw_cnn: 85, comparators: 107, learned_target: 125 }
runtime gate passed; confirmation may open
== 2. confirmation: 20 fresh seeds at n = 12,000 ==
SCM-7-v3 | confirmation | n=12000 | 20 seeds | device cuda | protocol 2ae2898a60ee
  seed 95200000: unique_largest est=1.0321991523157439 retained=3 purity=1.0 corr=0.9550096094610738 gpu=1.334849024 (786s {'render': 4, 'encoder': 128, 'trunk': 25, 'encode': 21, 'selection': 142, 'screen': 165, 'raw_cnn': 73, 'comparators': 107, 'learned_target': 116})
  seed 95201000: tied_largest est=None retained=2 purity=0.0 corr=0.9491090953305202 gpu=1.334663168 (677s {'render': 5, 'encoder': 16, 'trunk': 26, 'encode': 22, 'selection': 139, 'screen': 156, 'raw_cnn': 76, 'comparators': 108, 'learned_target': 123})
  seed 95202000: unique_largest est=0.9728121778612149 retained=1 purity=1.0 corr=0.947286015478116 gpu=1.333987328 (677s {'render': 6, 'encoder': 16, 'trunk': 26, 'encode': 22, 'selection': 137, 'screen': 159, 'raw_cnn': 78, 'comparators': 109, 'learned_target': 119})
  seed 95203000: unique_largest est=0.9245357865371624 retained=3 purity=1.0 corr=0.9432753200091905 gpu=1.335105536 (701s {'render': 5, 'encoder': 16, 'trunk': 25, 'encode': 23, 'selection': 151, 'screen': 156, 'raw_cnn': 79, 'comparators': 111, 'learned_target': 129})
  seed 95204000: unique_largest est=1.0112382869255518 retained=3 purity=1.0 corr=0.9493280463551457 gpu=1.332611072 (699s {'render': 5, 'encoder': 16, 'trunk': 26, 'encode': 23, 'selection': 150, 'screen': 167, 'raw_cnn': 79, 'comparators': 108, 'learned_target': 119})
  seed 95205000: unique_largest est=0.9720964641886737 retained=1 purity=1.0 corr=0.9524197832692309 gpu=1.335474176 (680s {'render': 5, 'encoder': 17, 'trunk': 26, 'encode': 22, 'selection': 136, 'screen': 158, 'raw_cnn': 72, 'comparators': 108, 'learned_target': 131})
  seed 95206000: unique_largest est=1.0221618495622016 retained=3 purity=1.0 corr=0.9511342414470367 gpu=1.332811776 (711s {'render': 5, 'encoder': 17, 'trunk': 26, 'encode': 22, 'selection': 141, 'screen': 158, 'raw_cnn': 90, 'comparators': 108, 'learned_target': 138})
  seed 95207000: unique_largest est=1.0460674215114283 retained=3 purity=1.0 corr=0.9498999243109523 gpu=1.334663168 (669s {'render': 5, 'encoder': 16, 'trunk': 22, 'encode': 23, 'selection': 132, 'screen': 155, 'raw_cnn': 79, 'comparators': 109, 'learned_target': 122})
  seed 95208000: unique_largest est=1.0223107563872949 retained=1 purity=1.0 corr=0.9480711487350163 gpu=1.334663168 (674s {'render': 5, 'encoder': 16, 'trunk': 25, 'encode': 22, 'selection': 136, 'screen': 160, 'raw_cnn': 78, 'comparators': 109, 'learned_target': 117})
  seed 95209000: unique_largest est=0.9943068152688412 retained=1 purity=1.0 corr=0.9486841314670247 gpu=1.335732224 (684s {'render': 5, 'encoder': 16, 'trunk': 26, 'encode': 22, 'selection': 141, 'screen': 170, 'raw_cnn': 73, 'comparators': 109, 'learned_target': 115})
  seed 95210000: unique_largest est=1.0176238086924807 retained=2 purity=1.0 corr=0.9521705912734888 gpu=1.334536192 (678s {'render': 5, 'encoder': 16, 'trunk': 23, 'encode': 22, 'selection': 136, 'screen': 156, 'raw_cnn': 84, 'comparators': 109, 'learned_target': 121})
  seed 95211000: no_return est=None retained=0 purity=None corr=0.9496130903251325 gpu=1.335474176 (668s {'render': 5, 'encoder': 16, 'trunk': 26, 'encode': 22, 'selection': 138, 'screen': 166, 'raw_cnn': 66, 'comparators': 109, 'learned_target': 114})
  seed 95212000: unique_largest est=1.0927531720973023 retained=3 purity=1.0 corr=0.9541095477807138 gpu=1.334867968 (724s {'render': 5, 'encoder': 17, 'trunk': 29, 'encode': 22, 'selection': 136, 'screen': 177, 'raw_cnn': 84, 'comparators': 110, 'learned_target': 137})
  seed 95213000: tied_largest est=None retained=3 purity=1.0 corr=0.9511677329330286 gpu=1.335252992 (710s {'render': 5, 'encoder': 17, 'trunk': 27, 'encode': 22, 'selection': 140, 'screen': 174, 'raw_cnn': 93, 'comparators': 108, 'learned_target': 119})
  seed 95214000: unique_largest est=1.0272651521723226 retained=4 purity=1.0 corr=0.9501265035342473 gpu=1.33405696 (719s {'render': 5, 'encoder': 17, 'trunk': 28, 'encode': 22, 'selection': 140, 'screen': 177, 'raw_cnn': 81, 'comparators': 109, 'learned_target': 133})
  seed 95215000: unique_largest est=1.0818178290332552 retained=1 purity=1.0 corr=0.9530720463286442 gpu=1.33405696 (683s {'render': 5, 'encoder': 16, 'trunk': 27, 'encode': 21, 'selection': 140, 'screen': 153, 'raw_cnn': 85, 'comparators': 109, 'learned_target': 122})
  seed 95216000: unique_largest est=1.0954328894521328 retained=1 purity=1.0 corr=0.9507831533105511 gpu=1.335105536 (823s {'render': 5, 'encoder': 17, 'trunk': 31, 'encode': 28, 'selection': 257, 'screen': 158, 'raw_cnn': 89, 'comparators': 110, 'learned_target': 122})
  seed 95217000: unique_largest est=0.8704303114241589 retained=1 purity=1.0 corr=0.9465024675061823 gpu=1.334040576 (692s {'render': 5, 'encoder': 16, 'trunk': 26, 'encode': 23, 'selection': 135, 'screen': 171, 'raw_cnn': 76, 'comparators': 110, 'learned_target': 126})
  seed 95218000: no_return est=None retained=0 purity=None corr=0.9464924524532601 gpu=1.334614016 (702s {'render': 6, 'encoder': 16, 'trunk': 25, 'encode': 23, 'selection': 150, 'screen': 162, 'raw_cnn': 90, 'comparators': 110, 'learned_target': 117})
  seed 95219000: unique_largest est=1.0588284681999915 retained=1 purity=1.0 corr=0.9491251059417483 gpu=1.334963712 (694s {'render': 5, 'encoder': 16, 'trunk': 26, 'encode': 22, 'selection': 135, 'screen': 161, 'raw_cnn': 95, 'comparators': 109, 'learned_target': 120})
== done: main job ==
